#
# There is insufficient memory for the Java Runtime Environment to continue.
# Native memory allocation (malloc) failed to allocate 32744 bytes. Error detail: Chunk::new
# Possible reasons:
#   The system is out of physical RAM or swap space
#   This process is running with CompressedOops enabled, and the Java Heap may be blocking the growth of the native heap
# Possible solutions:
#   Reduce memory load on the system
#   Increase physical memory or swap space
#   Check if swap backing store is full
#   Decrease Java heap size (-Xmx/-Xms)
#   Decrease number of Java threads
#   Decrease Java thread stack sizes (-Xss)
#   Set larger code cache with -XX:ReservedCodeCacheSize=
#   JVM is running with Zero Based Compressed Oops mode in which the Java heap is
#     placed in the first 32GB address space. The Java Heap base address is the
#     maximum limit for the native heap growth. Please use -XX:HeapBaseMinAddress
#     to set the Java Heap base and to place the Java Heap above 32GB virtual address.
# This output file may be truncated or incomplete.
#
#  Out of Memory Error (arena.cpp:168), pid=220, tid=8308
#
# JRE version: OpenJDK Runtime Environment (21.0.10) (build 21.0.10+-14961533-b1163.108)
# Java VM: OpenJDK 64-Bit Server VM (21.0.10+-14961533-b1163.108, mixed mode, tiered, compressed oops, compressed class ptrs, g1 gc, windows-amd64)
# No core dump will be written. Minidumps are not enabled by default on client versions of Windows
#

---------------  S U M M A R Y ------------

Command Line: --add-opens=java.base/java.lang=ALL-UNNAMED --add-opens=java.base/java.lang.invoke=ALL-UNNAMED --add-opens=java.base/java.util=ALL-UNNAMED --add-opens=java.prefs/java.util.prefs=ALL-UNNAMED --add-exports=jdk.compiler/com.sun.tools.javac.api=ALL-UNNAMED --add-exports=jdk.compiler/com.sun.tools.javac.util=ALL-UNNAMED --add-opens=java.base/java.util=ALL-UNNAMED --add-opens=java.prefs/java.util.prefs=ALL-UNNAMED --add-opens=java.base/java.nio.charset=ALL-UNNAMED --add-opens=java.base/java.net=ALL-UNNAMED --add-opens=java.base/java.util.concurrent=ALL-UNNAMED --add-opens=java.base/java.util.concurrent.atomic=ALL-UNNAMED --add-opens=java.xml/javax.xml.namespace=ALL-UNNAMED --add-opens=java.base/java.time=ALL-UNNAMED -Xmx4096m -Dfile.encoding=UTF-8 -Duser.country=CO -Duser.language=es -Duser.variant -javaagent:C:\Users\ecest\.gradle\wrapper\dists\gradle-9.3.1-bin\23ovyewtku6u96viwx3xl3oks\gradle-9.3.1\lib\agents\gradle-instrumentation-agent-9.3.1.jar org.gradle.launcher.daemon.bootstrap.GradleDaemon 9.3.1

Host: Intel(R) Core(TM) i3-4005U CPU @ 1.70GHz, 4 cores, 9G,  Windows 10 , 64 bit Build 19041 (10.0.19041.1348)
Time: Thu Jul 16 21:59:37 2026 Hora est. Pacífico, Sudamérica elapsed time: 87.978946 seconds (0d 0h 1m 27s)

---------------  T H R E A D  ---------------

Current thread (0x000001befec9e2a0):  JavaThread "C2 CompilerThread0" daemon [_thread_in_native, id=8308, stack(0x0000002bc8e00000,0x0000002bc8f00000) (1024K)]


Current CompileTask:
C2:87980 3045   !   4       java.lang.ClassLoader::loadClass (121 bytes)

Stack: [0x0000002bc8e00000,0x0000002bc8f00000]
Native frames: (J=compiled Java code, j=interpreted, Vv=VM code, C=native code)
V  [jvm.dll+0x6d78a9]
V  [jvm.dll+0x8665b3]
V  [jvm.dll+0x868bde]
V  [jvm.dll+0x8692c3]
V  [jvm.dll+0x280ee6]
V  [jvm.dll+0xc07cd]
V  [jvm.dll+0xc0d03]
V  [jvm.dll+0x6b2e1d]
V  [jvm.dll+0x3976e3]
V  [jvm.dll+0x39fc32]
V  [jvm.dll+0x6e953e]
V  [jvm.dll+0x6e9f7f]
V  [jvm.dll+0x6e9412]
V  [jvm.dll+0x6e75da]
V  [jvm.dll+0x1ca8bc]
V  [jvm.dll+0x1cb46a]
V  [jvm.dll+0x1cb46a]
V  [jvm.dll+0x2f5374]
V  [jvm.dll+0x6f1d16]
V  [jvm.dll+0x6e9f6b]
V  [jvm.dll+0x6e9412]
V  [jvm.dll+0x6e75da]
V  [jvm.dll+0x1ca8bc]
V  [jvm.dll+0x1cb46a]
V  [jvm.dll+0x2f5374]
V  [jvm.dll+0x6f1d16]
V  [jvm.dll+0x6e9f6b]
V  [jvm.dll+0x6e9412]
V  [jvm.dll+0x6e75da]
V  [jvm.dll+0x1ca8bc]
V  [jvm.dll+0x1cb46a]
V  [jvm.dll+0x1cb46a]
V  [jvm.dll+0x1cb3ac]
V  [jvm.dll+0x2f5374]
V  [jvm.dll+0x6f1d16]
V  [jvm.dll+0x6e9f6b]
V  [jvm.dll+0x6e9412]
V  [jvm.dll+0x6e75da]
V  [jvm.dll+0x1ca8bc]
V  [jvm.dll+0x1cb46a]
V  [jvm.dll+0x2f5374]
V  [jvm.dll+0x6f1d16]
V  [jvm.dll+0x6e9f6b]
V  [jvm.dll+0x6e9412]
V  [jvm.dll+0x6e75da]
V  [jvm.dll+0x1ca8bc]
V  [jvm.dll+0x1cb46a]
V  [jvm.dll+0x2f5374]
V  [jvm.dll+0x6f1d16]
V  [jvm.dll+0x6e9f6b]
V  [jvm.dll+0x6e9412]
V  [jvm.dll+0x6e75da]
V  [jvm.dll+0x1ca8bc]
V  [jvm.dll+0x1cb46a]
V  [jvm.dll+0x1cb46a]
V  [jvm.dll+0x1cb3ac]
V  [jvm.dll+0x2f5374]
V  [jvm.dll+0x6f1d16]
V  [jvm.dll+0x6e9f6b]
V  [jvm.dll+0x6e9412]
V  [jvm.dll+0x6e75da]
V  [jvm.dll+0x1ca8bc]
V  [jvm.dll+0x248d3d]
V  [jvm.dll+0x1c76e4]
V  [jvm.dll+0x25891e]
V  [jvm.dll+0x256e66]
V  [jvm.dll+0x3f513e]
V  [jvm.dll+0x80fd28]
V  [jvm.dll+0x6d60fd]
C  [ucrtbase.dll+0x21bb2]
C  [KERNEL32.DLL+0x17034]
C  [ntdll.dll+0x52651]


---------------  P R O C E S S  ---------------

Threads class SMR info:
_java_thread_list=0x000001be98c187f0, length=22, elements={
0x000001bef8488d10, 0x000001befec7c670, 0x000001befeb2cc00, 0x000001befeb2d660,
0x000001befeb2b2e0, 0x000001befeb2e0c0, 0x000001befec9cea0, 0x000001befec9d510,
0x000001befec9e2a0, 0x000001befeca14f0, 0x000001befefc63c0, 0x000001be97ec6f90,
0x000001beff400b60, 0x000001be97a831e0, 0x000001be98045fa0, 0x000001be97532230,
0x000001be97f17790, 0x000001be980469e0, 0x000001beff167540, 0x000001beff167bd0,
0x000001beff166eb0, 0x000001beff169ca0
}

Java Threads: ( => current thread )
  0x000001bef8488d10 JavaThread "main"                              [_thread_blocked, id=11632, stack(0x0000002bc7f00000,0x0000002bc8000000) (1024K)]
  0x000001befec7c670 JavaThread "Common-Cleaner"             daemon [_thread_blocked, id=12772, stack(0x0000002bc8700000,0x0000002bc8800000) (1024K)]
  0x000001befeb2cc00 JavaThread "Reference Handler"          daemon [_thread_blocked, id=3976, stack(0x0000002bc8800000,0x0000002bc8900000) (1024K)]
  0x000001befeb2d660 JavaThread "Finalizer"                  daemon [_thread_blocked, id=12324, stack(0x0000002bc8900000,0x0000002bc8a00000) (1024K)]
  0x000001befeb2b2e0 JavaThread "Signal Dispatcher"          daemon [_thread_blocked, id=5100, stack(0x0000002bc8a00000,0x0000002bc8b00000) (1024K)]
  0x000001befeb2e0c0 JavaThread "Attach Listener"            daemon [_thread_blocked, id=1700, stack(0x0000002bc8b00000,0x0000002bc8c00000) (1024K)]
  0x000001befec9cea0 JavaThread "Service Thread"             daemon [_thread_blocked, id=7492, stack(0x0000002bc8c00000,0x0000002bc8d00000) (1024K)]
  0x000001befec9d510 JavaThread "Monitor Deflation Thread"   daemon [_thread_blocked, id=12056, stack(0x0000002bc8d00000,0x0000002bc8e00000) (1024K)]
=>0x000001befec9e2a0 JavaThread "C2 CompilerThread0"         daemon [_thread_in_native, id=8308, stack(0x0000002bc8e00000,0x0000002bc8f00000) (1024K)]
  0x000001befeca14f0 JavaThread "C1 CompilerThread0"         daemon [_thread_blocked, id=11944, stack(0x0000002bc8f00000,0x0000002bc9000000) (1024K)]
  0x000001befefc63c0 JavaThread "Notification Thread"        daemon [_thread_blocked, id=13580, stack(0x0000002bc9000000,0x0000002bc9100000) (1024K)]
  0x000001be97ec6f90 JavaThread "Daemon health stats"               [_thread_blocked, id=10800, stack(0x0000002bc7e00000,0x0000002bc7f00000) (1024K)]
  0x000001beff400b60 JavaThread "Incoming local TCP Connector on port 57984"        [_thread_in_native, id=5952, stack(0x0000002bc9500000,0x0000002bc9600000) (1024K)]
  0x000001be97a831e0 JavaThread "Daemon periodic checks"            [_thread_blocked, id=5940, stack(0x0000002bc9600000,0x0000002bc9700000) (1024K)]
  0x000001be98045fa0 JavaThread "Daemon"                            [_thread_blocked, id=10120, stack(0x0000002bc9700000,0x0000002bc9800000) (1024K)]
  0x000001be97532230 JavaThread "Handler for socket connection from /127.0.0.1:57984 to /127.0.0.1:57985"        [_thread_in_native, id=6824, stack(0x0000002bc9800000,0x0000002bc9900000) (1024K)]
  0x000001be97f17790 JavaThread "Cancel handler"                    [_thread_blocked, id=10084, stack(0x0000002bc9900000,0x0000002bc9a00000) (1024K)]
  0x000001be980469e0 JavaThread "Daemon worker"                     [_thread_in_vm, id=10792, stack(0x0000002bc9a00000,0x0000002bc9b00000) (1024K)]
  0x000001beff167540 JavaThread "Asynchronous log dispatcher for DefaultDaemonConnection: socket connection from /127.0.0.1:57984 to /127.0.0.1:57985"        [_thread_blocked, id=11548, stack(0x0000002bc9b00000,0x0000002bc9c00000) (1024K)]
  0x000001beff167bd0 JavaThread "Stdin handler"                     [_thread_blocked, id=12716, stack(0x0000002bc9c00000,0x0000002bc9d00000) (1024K)]
  0x000001beff166eb0 JavaThread "Daemon client event forwarder"        [_thread_blocked, id=9556, stack(0x0000002bc9d00000,0x0000002bc9e00000) (1024K)]
  0x000001beff169ca0 JavaThread "Cache worker for journal cache (C:\Users\ecest\.gradle\caches\journal-1)"        [_thread_blocked, id=2688, stack(0x0000002bc9e00000,0x0000002bc9f00000) (1024K)]
Total: 22

Other Threads:
  0x000001befea7e0a0 VMThread "VM Thread"                           [id=7996, stack(0x0000002bc8600000,0x0000002bc8700000) (1024K)]
  0x000001befea68a90 WatcherThread "VM Periodic Task Thread"        [id=13764, stack(0x0000002bc8500000,0x0000002bc8600000) (1024K)]
  0x000001bef84ef9b0 WorkerThread "GC Thread#0"                     [id=11936, stack(0x0000002bc8000000,0x0000002bc8100000) (1024K)]
  0x000001beff28eb20 WorkerThread "GC Thread#1"                     [id=12540, stack(0x0000002bc9100000,0x0000002bc9200000) (1024K)]
  0x000001beff2a18d0 WorkerThread "GC Thread#2"                     [id=4088, stack(0x0000002bc9200000,0x0000002bc9300000) (1024K)]
  0x000001befecfa100 WorkerThread "GC Thread#3"                     [id=3544, stack(0x0000002bc9300000,0x0000002bc9400000) (1024K)]
  0x000001bef8501760 ConcurrentGCThread "G1 Main Marker"            [id=12528, stack(0x0000002bc8100000,0x0000002bc8200000) (1024K)]
  0x000001bef8502020 WorkerThread "G1 Conc#0"                       [id=2888, stack(0x0000002bc8200000,0x0000002bc8300000) (1024K)]
  0x000001bef855e220 ConcurrentGCThread "G1 Refine#0"               [id=1648, stack(0x0000002bc8300000,0x0000002bc8400000) (1024K)]
  0x000001bef855eb50 ConcurrentGCThread "G1 Service"                [id=5260, stack(0x0000002bc8400000,0x0000002bc8500000) (1024K)]
Total: 10

Threads with active compile tasks:
C2 CompilerThread0  88596 3045   !   4       java.lang.ClassLoader::loadClass (121 bytes)
Total: 1

VM state: not at safepoint (normal execution)

VM Mutex/Monitor currently owned by a thread: None

Heap address: 0x0000000700000000, size: 4096 MB, Compressed Oops mode: Zero based, Oop shift amount: 3

CDS archive(s) not mapped
Compressed class space mapped at: 0x0000000800000000-0x0000000840000000, reserved size: 1073741824
Narrow klass base: 0x0000000800000000, Narrow klass shift: 0, Narrow klass range: 0x40000000

GC Precious Log:
 CardTable entry size: 512
 Card Set container configuration: InlinePtr #cards 4 size 8 Array Of Cards #cards 16 size 48 Howl #buckets 8 coarsen threshold 3686 Howl Bitmap #cards 512 size 80 coarsen threshold 460 Card regions per heap region 1 cards per card region 4096
 CPUs: 4 total, 4 available
 Memory: 10158M
 Large Page Support: Disabled
 NUMA Support: Disabled
 Compressed Oops: Enabled (Zero based)
 Heap Region Size: 2M
 Heap Min Capacity: 8M
 Heap Initial Capacity: 160M
 Heap Max Capacity: 4G
 Pre-touch: Disabled
 Parallel Workers: 4
 Concurrent Workers: 1
 Concurrent Refinement Workers: 4
 Periodic GC: Disabled

Heap:
 garbage-first heap   total 75776K, used 49405K [0x0000000700000000, 0x0000000800000000)
  region size 2048K, 20 young (40960K), 5 survivors (10240K)
 Metaspace       used 26143K, committed 26560K, reserved 1114112K
  class space    used 3228K, committed 3392K, reserved 1048576K

Heap Regions: E=young(eden), S=young(survivor), O=old, HS=humongous(starts), HC=humongous(continues), CS=collection set, F=free, TAMS=top-at-mark-start, PB=parsable bottom
|   0|0x0000000700000000, 0x0000000700200000, 0x0000000700200000|100%|HS|  |TAMS 0x0000000700000000| PB 0x0000000700000000| Complete 
|   1|0x0000000700200000, 0x0000000700400000, 0x0000000700400000|100%|HC|  |TAMS 0x0000000700200000| PB 0x0000000700200000| Complete 
|   2|0x0000000700400000, 0x0000000700600000, 0x0000000700600000|100%| O|  |TAMS 0x0000000700400000| PB 0x0000000700400000| Untracked 
|   3|0x0000000700600000, 0x0000000700800000, 0x0000000700800000|100%| O|  |TAMS 0x0000000700600000| PB 0x0000000700600000| Untracked 
|   4|0x0000000700800000, 0x0000000700a00000, 0x0000000700a00000|100%| O|  |TAMS 0x0000000700800000| PB 0x0000000700800000| Untracked 
|   5|0x0000000700a00000, 0x0000000700b88ff8, 0x0000000700c00000| 76%| O|Cm|TAMS 0x0000000700a00000| PB 0x0000000700a00000| Complete 
|   6|0x0000000700c00000, 0x0000000700c00000, 0x0000000700e00000|  0%| F|  |TAMS 0x0000000700c00000| PB 0x0000000700c00000| Untracked 
|   7|0x0000000700e00000, 0x0000000700e00000, 0x0000000701000000|  0%| F|  |TAMS 0x0000000700e00000| PB 0x0000000700e00000| Untracked 
|   8|0x0000000701000000, 0x0000000701000000, 0x0000000701200000|  0%| F|  |TAMS 0x0000000701000000| PB 0x0000000701000000| Untracked 
|   9|0x0000000701200000, 0x0000000701200000, 0x0000000701400000|  0%| F|  |TAMS 0x0000000701200000| PB 0x0000000701200000| Untracked 
|  10|0x0000000701400000, 0x0000000701400000, 0x0000000701600000|  0%| F|  |TAMS 0x0000000701400000| PB 0x0000000701400000| Untracked 
|  11|0x0000000701600000, 0x0000000701600000, 0x0000000701800000|  0%| F|  |TAMS 0x0000000701600000| PB 0x0000000701600000| Untracked 
|  12|0x0000000701800000, 0x0000000701800000, 0x0000000701a00000|  0%| F|  |TAMS 0x0000000701800000| PB 0x0000000701800000| Untracked 
|  13|0x0000000701a00000, 0x0000000701a00000, 0x0000000701c00000|  0%| F|  |TAMS 0x0000000701a00000| PB 0x0000000701a00000| Untracked 
|  14|0x0000000701c00000, 0x0000000701c00000, 0x0000000701e00000|  0%| F|  |TAMS 0x0000000701c00000| PB 0x0000000701c00000| Untracked 
|  15|0x0000000701e00000, 0x0000000701e00000, 0x0000000702000000|  0%| F|  |TAMS 0x0000000701e00000| PB 0x0000000701e00000| Untracked 
|  16|0x0000000702000000, 0x0000000702000000, 0x0000000702200000|  0%| F|  |TAMS 0x0000000702000000| PB 0x0000000702000000| Untracked 
|  17|0x0000000702200000, 0x00000007022b0298, 0x0000000702400000| 34%| E|  |TAMS 0x0000000702200000| PB 0x0000000702200000| Complete 
|  18|0x0000000702400000, 0x0000000702600000, 0x0000000702600000|100%| E|CS|TAMS 0x0000000702400000| PB 0x0000000702400000| Complete 
|  19|0x0000000702600000, 0x0000000702800000, 0x0000000702800000|100%| E|CS|TAMS 0x0000000702600000| PB 0x0000000702600000| Complete 
|  20|0x0000000702800000, 0x0000000702a00000, 0x0000000702a00000|100%| E|CS|TAMS 0x0000000702800000| PB 0x0000000702800000| Complete 
|  21|0x0000000702a00000, 0x0000000702c00000, 0x0000000702c00000|100%| E|CS|TAMS 0x0000000702a00000| PB 0x0000000702a00000| Complete 
|  22|0x0000000702c00000, 0x0000000702e00000, 0x0000000702e00000|100%| E|CS|TAMS 0x0000000702c00000| PB 0x0000000702c00000| Complete 
|  23|0x0000000702e00000, 0x0000000703000000, 0x0000000703000000|100%| E|CS|TAMS 0x0000000702e00000| PB 0x0000000702e00000| Complete 
|  24|0x0000000703000000, 0x0000000703200000, 0x0000000703200000|100%| E|CS|TAMS 0x0000000703000000| PB 0x0000000703000000| Complete 
|  25|0x0000000703200000, 0x0000000703400000, 0x0000000703400000|100%| E|CS|TAMS 0x0000000703200000| PB 0x0000000703200000| Complete 
|  26|0x0000000703400000, 0x0000000703600000, 0x0000000703600000|100%| E|CS|TAMS 0x0000000703400000| PB 0x0000000703400000| Complete 
|  27|0x0000000703600000, 0x0000000703800000, 0x0000000703800000|100%| E|CS|TAMS 0x0000000703600000| PB 0x0000000703600000| Complete 
|  28|0x0000000703800000, 0x0000000703a00000, 0x0000000703a00000|100%| E|CS|TAMS 0x0000000703800000| PB 0x0000000703800000| Complete 
|  29|0x0000000703a00000, 0x0000000703c00000, 0x0000000703c00000|100%| E|CS|TAMS 0x0000000703a00000| PB 0x0000000703a00000| Complete 
|  30|0x0000000703c00000, 0x0000000703e00000, 0x0000000703e00000|100%| E|CS|TAMS 0x0000000703c00000| PB 0x0000000703c00000| Complete 
|  35|0x0000000704600000, 0x00000007046b64e0, 0x0000000704800000| 35%| S|CS|TAMS 0x0000000704600000| PB 0x0000000704600000| Complete 
|  36|0x0000000704800000, 0x0000000704a00000, 0x0000000704a00000|100%| S|CS|TAMS 0x0000000704800000| PB 0x0000000704800000| Complete 
|  37|0x0000000704a00000, 0x0000000704c00000, 0x0000000704c00000|100%| S|CS|TAMS 0x0000000704a00000| PB 0x0000000704a00000| Complete 
|  38|0x0000000704c00000, 0x0000000704e00000, 0x0000000704e00000|100%| S|CS|TAMS 0x0000000704c00000| PB 0x0000000704c00000| Complete 
|  39|0x0000000704e00000, 0x0000000705000000, 0x0000000705000000|100%| S|CS|TAMS 0x0000000704e00000| PB 0x0000000704e00000| Complete 
|  79|0x0000000709e00000, 0x000000070a000000, 0x000000070a000000|100%| E|CS|TAMS 0x0000000709e00000| PB 0x0000000709e00000| Complete 

Card table byte_map: [0x000001befbe00000,0x000001befc600000] _byte_map_base: 0x000001bef8600000

Marking Bits: (CMBitMap*) 0x000001bef84f0e80
 Bits: [0x000001be8f000000, 0x000001be93000000)

Polling page: 0x000001bef7c60000

Metaspace:

Usage:
  Non-class:     22.38 MB used.
      Class:      3.15 MB used.
       Both:     25.53 MB used.

Virtual space:
  Non-class space:       64.00 MB reserved,      22.62 MB ( 35%) committed,  1 nodes.
      Class space:        1.00 GB reserved,       3.31 MB ( <1%) committed,  1 nodes.
             Both:        1.06 GB reserved,      25.94 MB (  2%) committed. 

Chunk freelists:
   Non-Class:  9.36 MB
       Class:  12.50 MB
        Both:  21.86 MB

MaxMetaspaceSize: unlimited
CompressedClassSpaceSize: 1.00 GB
Initial GC threshold: 21.00 MB
Current GC threshold: 35.12 MB
CDS: off
 - commit_granule_bytes: 65536.
 - commit_granule_words: 8192.
 - virtual_space_node_default_size: 8388608.
 - enlarge_chunks_in_place: 1.
 - use_allocation_guard: 0.


Internal statistics:

num_allocs_failed_limit: 3.
num_arena_births: 458.
num_arena_deaths: 0.
num_vsnodes_births: 2.
num_vsnodes_deaths: 0.
num_space_committed: 415.
num_space_uncommitted: 0.
num_chunks_returned_to_freelist: 3.
num_chunks_taken_from_freelist: 1027.
num_chunk_merges: 0.
num_chunk_splits: 655.
num_chunks_enlarged: 448.
num_inconsistent_stats: 0.

CodeHeap 'non-profiled nmethods': size=120000Kb used=1732Kb max_used=1732Kb free=118267Kb
 bounds [0x000001be87ad0000, 0x000001be87d40000, 0x000001be8f000000]
CodeHeap 'profiled nmethods': size=120000Kb used=6132Kb max_used=6132Kb free=113867Kb
 bounds [0x000001be80000000, 0x000001be80600000, 0x000001be87530000]
CodeHeap 'non-nmethods': size=5760Kb used=1372Kb max_used=1393Kb free=4387Kb
 bounds [0x000001be87530000, 0x000001be877a0000, 0x000001be87ad0000]
CodeCache: size=245760Kb, used=9236Kb, max_used=9257Kb, free=236521Kb
 total_blobs=3604, nmethods=3048, adapters=460, full_count=0
Compilation: enabled, stopped_count=0, restarted_count=0

Compilation events (20 events):
Event: 87.876 Thread 0x000001befeca14f0 nmethod 3036 0x000001be805f2010 code [0x000001be805f2320, 0x000001be805f3220]
Event: 87.876 Thread 0x000001befeca14f0 3037       1       org.gradle.internal.service.DefaultServiceRegistry::access$2400 (5 bytes)
Event: 87.876 Thread 0x000001befeca14f0 nmethod 3037 0x000001be87c80490 code [0x000001be87c80620, 0x000001be87c806d0]
Event: 87.876 Thread 0x000001befeca14f0 3039       3       java.lang.invoke.LambdaFormEditor$TransformKey::bval (26 bytes)
Event: 87.877 Thread 0x000001befeca14f0 nmethod 3039 0x000001be805f3790 code [0x000001be805f3920, 0x000001be805f3a28]
Event: 87.877 Thread 0x000001befeca14f0 3038       3       java.lang.invoke.MethodType::genericMethodType (6 bytes)
Event: 87.877 Thread 0x000001befeca14f0 nmethod 3038 0x000001be805f3a90 code [0x000001be805f3c40, 0x000001be805f3d60]
Event: 87.877 Thread 0x000001befeca14f0 3040       3       org.gradle.internal.service.DefaultServiceRegistry$OwnServices::getProviders (26 bytes)
Event: 87.878 Thread 0x000001befeca14f0 nmethod 3040 0x000001be805f3e10 code [0x000001be805f3fe0, 0x000001be805f4368]
Event: 87.878 Thread 0x000001befeca14f0 3041       3       org.gradle.internal.service.DefaultServiceRegistry$OwnServices::getService (317 bytes)
Event: 87.882 Thread 0x000001befeca14f0 nmethod 3041 0x000001be805f4490 code [0x000001be805f49e0, 0x000001be805f77e8]
Event: 87.882 Thread 0x000001befeca14f0 3042       3       java.lang.invoke.VarHandleGuards::guard_LLL_Z (86 bytes)
Event: 87.885 Thread 0x000001befeca14f0 nmethod 3042 0x000001be805f8590 code [0x000001be805f88e0, 0x000001be805fa368]
Event: 87.912 Thread 0x000001befec9e2a0 3044  s    4       java.lang.Throwable::fillInStackTrace (29 bytes)
Event: 87.916 Thread 0x000001befec9e2a0 nmethod 3044 0x000001be87c80a90 code [0x000001be87c80c40, 0x000001be87c81010]
Event: 87.921 Thread 0x000001befec9e2a0 3045   !   4       java.lang.ClassLoader::loadClass (121 bytes)
Event: 87.929 Thread 0x000001befeca14f0 3046       3       java.lang.invoke.LambdaFormEditor$TransformKey::of (49 bytes)
Event: 87.931 Thread 0x000001befeca14f0 nmethod 3046 0x000001be805fab90 code [0x000001be805fada0, 0x000001be805fb2f0]
Event: 87.950 Thread 0x000001befeca14f0 3047       3       java.lang.Package$VersionInfo::<init> (44 bytes)
Event: 87.951 Thread 0x000001befeca14f0 nmethod 3047 0x000001be805fb510 code [0x000001be805fb6e0, 0x000001be805fbb10]

GC Heap History (8 events):
Event: 7.430 GC heap before
{Heap before GC invocations=0 (full 0):
 garbage-first heap   total 163840K, used 12288K [0x0000000700000000, 0x0000000800000000)
  region size 2048K, 6 young (12288K), 0 survivors (0K)
 Metaspace       used 7809K, committed 7936K, reserved 1114112K
  class space    used 736K, committed 768K, reserved 1048576K
}
Event: 7.486 GC heap after
{Heap after GC invocations=1 (full 0):
 garbage-first heap   total 163840K, used 972K [0x0000000700000000, 0x0000000800000000)
  region size 2048K, 1 young (2048K), 1 survivors (2048K)
 Metaspace       used 7809K, committed 7936K, reserved 1114112K
  class space    used 736K, committed 768K, reserved 1048576K
}
Event: 13.095 GC heap before
{Heap before GC invocations=1 (full 0):
 garbage-first heap   total 163840K, used 19404K [0x0000000700000000, 0x0000000800000000)
  region size 2048K, 11 young (22528K), 1 survivors (2048K)
 Metaspace       used 7949K, committed 8064K, reserved 1114112K
  class space    used 736K, committed 768K, reserved 1048576K
}
Event: 13.100 GC heap after
{Heap after GC invocations=2 (full 0):
 garbage-first heap   total 163840K, used 1619K [0x0000000700000000, 0x0000000800000000)
  region size 2048K, 1 young (2048K), 1 survivors (2048K)
 Metaspace       used 7949K, committed 8064K, reserved 1114112K
  class space    used 736K, committed 768K, reserved 1048576K
}
Event: 42.125 GC heap before
{Heap before GC invocations=2 (full 0):
 garbage-first heap   total 163840K, used 99923K [0x0000000700000000, 0x0000000800000000)
  region size 2048K, 48 young (98304K), 1 survivors (2048K)
 Metaspace       used 12833K, committed 12992K, reserved 1114112K
  class space    used 1403K, committed 1472K, reserved 1048576K
}
Event: 42.141 GC heap after
{Heap after GC invocations=3 (full 0):
 garbage-first heap   total 163840K, used 12246K [0x0000000700000000, 0x0000000800000000)
  region size 2048K, 4 young (8192K), 4 survivors (8192K)
 Metaspace       used 12833K, committed 12992K, reserved 1114112K
  class space    used 1403K, committed 1472K, reserved 1048576K
}
Event: 77.135 GC heap before
{Heap before GC invocations=3 (full 0):
 garbage-first heap   total 163840K, used 90070K [0x0000000700000000, 0x0000000800000000)
  region size 2048K, 44 young (90112K), 4 survivors (8192K)
 Metaspace       used 21240K, committed 21504K, reserved 1114112K
  class space    used 2483K, committed 2624K, reserved 1048576K
}
Event: 77.162 GC heap after
{Heap after GC invocations=4 (full 0):
 garbage-first heap   total 163840K, used 20733K [0x0000000700000000, 0x0000000800000000)
  region size 2048K, 5 young (10240K), 5 survivors (10240K)
 Metaspace       used 21240K, committed 21504K, reserved 1114112K
  class space    used 2483K, committed 2624K, reserved 1048576K
}

Dll operation events (3 events):
Event: 0.375 Loaded shared library C:\Program Files\Android\Android Studio1\jbr\bin\java.dll
Event: 0.631 Loaded shared library C:\Program Files\Android\Android Studio1\jbr\bin\zip.dll
Event: 23.546 Loaded shared library C:\Program Files\Android\Android Studio1\jbr\bin\verify.dll

Deoptimization events (20 events):
Event: 87.882 Thread 0x000001be980469e0 Uncommon trap: trap_request=0xffffffde fr.pc=0x000001be87bf23d8 relative=0x00000000000002f8
Event: 87.882 Thread 0x000001be980469e0 Uncommon trap: reason=class_check action=maybe_recompile pc=0x000001be87bf23d8 method=java.util.regex.Pattern$BmpCharPropertyGreedy.match(Ljava/util/regex/Matcher;ILjava/lang/CharSequence;)Z @ 26 c2
Event: 87.882 Thread 0x000001be980469e0 DEOPT PACKING pc=0x000001be87bf23d8 sp=0x0000002bc9afc1c0
Event: 87.882 Thread 0x000001be980469e0 DEOPT UNPACKING pc=0x000001be87584422 sp=0x0000002bc9afc178 mode 2
Event: 87.923 Thread 0x000001be980469e0 Uncommon trap: trap_request=0xffffff45 fr.pc=0x000001be87bbff68 relative=0x0000000000000128
Event: 87.923 Thread 0x000001be980469e0 Uncommon trap: reason=unstable_if action=reinterpret pc=0x000001be87bbff68 method=java.lang.ThreadLocal$ThreadLocalMap.getEntry(Ljava/lang/ThreadLocal;)Ljava/lang/ThreadLocal$ThreadLocalMap$Entry; @ 29 c2
Event: 87.923 Thread 0x000001be980469e0 DEOPT PACKING pc=0x000001be87bbff68 sp=0x0000002bc9afc020
Event: 87.923 Thread 0x000001be980469e0 DEOPT UNPACKING pc=0x000001be87584422 sp=0x0000002bc9afbee8 mode 2
Event: 87.940 Thread 0x000001be980469e0 Uncommon trap: trap_request=0xffffffde fr.pc=0x000001be87b127ec relative=0x000000000000044c
Event: 87.940 Thread 0x000001be980469e0 Uncommon trap: reason=class_check action=maybe_recompile pc=0x000001be87b127ec method=java.util.regex.Matcher.match(II)Z @ 121 c2
Event: 87.940 Thread 0x000001be980469e0 DEOPT PACKING pc=0x000001be87b127ec sp=0x0000002bc9afbe70
Event: 87.941 Thread 0x000001be980469e0 DEOPT UNPACKING pc=0x000001be87584422 sp=0x0000002bc9afbe18 mode 2
Event: 87.941 Thread 0x000001be980469e0 Uncommon trap: trap_request=0xffffffde fr.pc=0x000001be87bf23d8 relative=0x00000000000002f8
Event: 87.941 Thread 0x000001be980469e0 Uncommon trap: reason=class_check action=maybe_recompile pc=0x000001be87bf23d8 method=java.util.regex.Pattern$BmpCharPropertyGreedy.match(Ljava/util/regex/Matcher;ILjava/lang/CharSequence;)Z @ 26 c2
Event: 87.941 Thread 0x000001be980469e0 DEOPT PACKING pc=0x000001be87bf23d8 sp=0x0000002bc9afbde0
Event: 87.941 Thread 0x000001be980469e0 DEOPT UNPACKING pc=0x000001be87584422 sp=0x0000002bc9afbd98 mode 2
Event: 87.941 Thread 0x000001be980469e0 Uncommon trap: trap_request=0xffffffde fr.pc=0x000001be87bf23d8 relative=0x00000000000002f8
Event: 87.941 Thread 0x000001be980469e0 Uncommon trap: reason=class_check action=maybe_recompile pc=0x000001be87bf23d8 method=java.util.regex.Pattern$BmpCharPropertyGreedy.match(Ljava/util/regex/Matcher;ILjava/lang/CharSequence;)Z @ 26 c2
Event: 87.941 Thread 0x000001be980469e0 DEOPT PACKING pc=0x000001be87bf23d8 sp=0x0000002bc9afbd50
Event: 87.941 Thread 0x000001be980469e0 DEOPT UNPACKING pc=0x000001be87584422 sp=0x0000002bc9afbd08 mode 2

Classes loaded (20 events):
Event: 85.500 Loading class java/util/concurrent/LinkedBlockingDeque$AbstractItr done
Event: 85.500 Loading class java/util/concurrent/LinkedBlockingDeque$Itr done
Event: 85.550 Loading class java/util/LinkedList$ListItr
Event: 85.550 Loading class java/util/LinkedList$ListItr done
Event: 85.554 Loading class java/nio/file/AccessMode
Event: 85.555 Loading class java/nio/file/AccessMode done
Event: 85.555 Loading class sun/nio/fs/WindowsFileSystemProvider$1
Event: 85.555 Loading class sun/nio/fs/WindowsFileSystemProvider$1 done
Event: 85.556 Loading class sun/nio/ch/FileChannelImpl$Closer
Event: 85.556 Loading class sun/nio/ch/FileChannelImpl$Closer done
Event: 87.861 Loading class java/nio/file/attribute/PosixFilePermission
Event: 87.861 Loading class java/nio/file/attribute/PosixFilePermission done
Event: 87.862 Loading class java/nio/file/attribute/PosixFilePermissions
Event: 87.863 Loading class java/nio/file/attribute/PosixFilePermissions done
Event: 87.863 Loading class java/nio/file/attribute/PosixFilePermissions$1
Event: 87.863 Loading class java/nio/file/attribute/PosixFilePermissions$1 done
Event: 87.959 Loading class java/util/concurrent/ArrayBlockingQueue
Event: 87.959 Loading class java/util/concurrent/ArrayBlockingQueue done
Event: 87.959 Loading class java/util/concurrent/locks/ReentrantLock$FairSync
Event: 87.960 Loading class java/util/concurrent/locks/ReentrantLock$FairSync done

Classes unloaded (0 events):
No events

Classes redefined (0 events):
No events

Internal exceptions (20 events):
Event: 77.247 Thread 0x000001be97532230 Exception <a 'java/lang/NoSuchMethodError'{0x0000000709e058a0}: 'long java.lang.invoke.DirectMethodHandle$Holder.invokeSpecial(java.lang.Object, java.lang.Object)'> (0x0000000709e058a0) 
thrown [s\src\hotspot\share\interpreter\linkResolver.cpp, line 784]
Event: 77.248 Thread 0x000001be97532230 Exception <a 'java/lang/NoSuchMethodError'{0x0000000709e08cd8}: 'long java.lang.invoke.Invokers$Holder.invokeExact_MT(java.lang.Object, java.lang.Object)'> (0x0000000709e08cd8) 
thrown [s\src\hotspot\share\interpreter\linkResolver.cpp, line 784]
Event: 77.310 Thread 0x000001be97532230 Exception <a 'java/lang/NoSuchMethodError'{0x0000000709e2aab0}: 'void java.lang.invoke.DirectMethodHandle$Holder.invokeSpecial(java.lang.Object, java.lang.Object, java.lang.Object)'> (0x0000000709e2aab0) 
thrown [s\src\hotspot\share\interpreter\linkResolver.cpp, line 784]
Event: 77.328 Thread 0x000001be97532230 Exception <a 'java/lang/NoSuchMethodError'{0x0000000709faa698}: static Lorg/gradle/tooling/internal/provider/serialization/ClassLoaderDetails;.<clinit>()V> (0x0000000709faa698) 
thrown [s\src\hotspot\share\prims\jni.cpp, line 1144]
Event: 77.340 Thread 0x000001be97532230 Exception <a 'java/lang/NoSuchMethodError'{0x0000000709fc48f8}: static Lorg/gradle/internal/classloader/ClassLoaderSpec;.<clinit>()V> (0x0000000709fc48f8) 
thrown [s\src\hotspot\share\prims\jni.cpp, line 1144]
Event: 77.342 Thread 0x000001be97532230 Exception <a 'java/lang/NoSuchMethodError'{0x0000000709fce3a8}: static Lorg/gradle/tooling/internal/provider/serialization/WellKnownClassLoaderRegistry$KnownClassLoaderSpec;.<clinit>()V> (0x0000000709fce3a8) 
thrown [s\src\hotspot\share\prims\jni.cpp, line 1144]
Event: 77.356 Thread 0x000001be97532230 Exception <a 'java/lang/NoSuchMethodError'{0x0000000709fe4b98}: static Lorg/gradle/tooling/internal/provider/serialization/ClientOwnedClassLoaderSpec;.<clinit>()V> (0x0000000709fe4b98) 
thrown [s\src\hotspot\share\prims\jni.cpp, line 1144]
Event: 77.502 Thread 0x000001be98045fa0 Exception <a 'sun/nio/fs/WindowsException'{0x0000000703ccf2e8}> (0x0000000703ccf2e8) 
thrown [s\src\hotspot\share\prims\jni.cpp, line 537]
Event: 77.738 Thread 0x000001be980469e0 Exception <a 'sun/nio/fs/WindowsException'{0x000000070383df08}> (0x000000070383df08) 
thrown [s\src\hotspot\share\prims\jni.cpp, line 537]
Event: 78.684 Thread 0x000001be980469e0 Exception <a 'java/lang/NoSuchMethodError'{0x0000000703603e00}: 'java.lang.Object java.lang.invoke.DirectMethodHandle$Holder.invokeVirtual(java.lang.Object, java.lang.Object, java.lang.Object, java.lang.Object, java.lang.Object, java.lang.Object, java.lang.Object)'> (0x0000000703603e00) 
thrown [s\src\hotspot\share\interpreter\linkResolver.cpp, line 784]
Event: 78.848 Thread 0x000001be980469e0 Exception <a 'java/lang/NoSuchMethodError'{0x000000070368dc88}: 'long java.lang.invoke.DirectMethodHandle$Holder.invokeInterface(java.lang.Object, java.lang.Object)'> (0x000000070368dc88) 
thrown [s\src\hotspot\share\interpreter\linkResolver.cpp, line 784]
Event: 80.296 Thread 0x000001be980469e0 Exception <a 'java/lang/NoSuchMethodError'{0x00000007032dc0f8}: 'java.lang.Object java.lang.invoke.DirectMethodHandle$Holder.invokeVirtual(java.lang.Object, java.lang.Object, java.lang.Object, java.lang.Object, java.lang.Object, java.lang.Object, java.lang.Object, java.lang.Object, java.lang.Object, java.lang.Object, java.lang.Object, java.lang.Object)'> (0x00000007032dc0f8) 
thrown [s\src\hotspot\share\interpreter\linkResolver.cpp, line 784]
Event: 80.297 Thread 0x000001be980469e0 Exception <a 'java/lang/NoSuchMethodError'{0x00000007032e1248}: 'java.lang.Object java.lang.invoke.DirectMethodHandle$Holder.invokeSpecial(java.lang.Object, java.lang.Object, java.lang.Object, java.lang.Object, java.lang.Object, java.lang.Object, java.lang.Object, java.lang.Object, java.lang.Object, java.lang.Object, java.lang.Object, java.lang.Object, java.lang.Object)'> (0x00000007032e1248) 
thrown [s\src\hotspot\share\interpreter\linkResolver.cpp, line 784]
Event: 81.894 Thread 0x000001be980469e0 Exception <a 'java/lang/NoSuchMethodError'{0x0000000702f7ec78}: 'java.lang.Object java.lang.invoke.DirectMethodHandle$Holder.newInvokeSpecial(java.lang.Object, java.lang.Object, java.lang.Object, java.lang.Object, java.lang.Object, java.lang.Object)'> (0x0000000702f7ec78) 
thrown [s\src\hotspot\share\interpreter\linkResolver.cpp, line 784]
Event: 82.893 Thread 0x000001be980469e0 Exception <a 'java/lang/NoSuchMethodError'{0x0000000702a314f8}: 'void java.lang.invoke.DelegatingMethodHandle$Holder.reinvoke_L(java.lang.Object, java.lang.Object, java.lang.Object, java.lang.Object, java.lang.Object, java.lang.Object, java.lang.Object, java.lang.Object, java.lang.Object, java.lang.Object)'> (0x0000000702a314f8) 
thrown [s\src\hotspot\share\interpreter\linkResolver.cpp, line 784]
Event: 82.895 Thread 0x000001be980469e0 Exception <a 'java/lang/NoSuchMethodError'{0x0000000702a38fd8}: 'java.lang.Object java.lang.invoke.Invokers$Holder.invoker(java.lang.Object, java.lang.Object, java.lang.Object, java.lang.Object, java.lang.Object, java.lang.Object, java.lang.Object, java.lang.Object, java.lang.Object, java.lang.Object)'> (0x0000000702a38fd8) 
thrown [s\src\hotspot\share\interpreter\linkResolver.cpp, line 784]
Event: 85.513 Thread 0x000001be97a831e0 Exception <a 'sun/nio/fs/WindowsException'{0x0000000702975388}> (0x0000000702975388) 
thrown [s\src\hotspot\share\prims\jni.cpp, line 537]
Event: 85.566 Thread 0x000001be97a831e0 Exception <a 'sun/nio/fs/WindowsException'{0x0000000702981e90}> (0x0000000702981e90) 
thrown [s\src\hotspot\share\prims\jni.cpp, line 537]
Event: 87.873 Thread 0x000001be980469e0 Exception <a 'java/lang/NoSuchMethodError'{0x0000000702515658}: 'void java.lang.invoke.DirectMethodHandle$Holder.invokeInterface(java.lang.Object, java.lang.Object)'> (0x0000000702515658) 
thrown [s\src\hotspot\share\interpreter\linkResolver.cpp, line 784]
Event: 87.874 Thread 0x000001be980469e0 Exception <a 'java/lang/IncompatibleClassChangeError'{0x0000000702518dd8}: Found class java.lang.Object, but interface was expected> (0x0000000702518dd8) 
thrown [s\src\hotspot\share\interpreter\linkResolver.cpp, line 851]

ZGC Phase Switch (0 events):
No events

VM Operations (20 events):
Event: 79.303 Executing safepoint VM operation: Cleanup
Event: 79.303 Executing safepoint VM operation: Cleanup done
Event: 80.310 Executing safepoint VM operation: Cleanup
Event: 80.325 Executing safepoint VM operation: Cleanup done
Event: 81.330 Executing safepoint VM operation: Cleanup
Event: 81.330 Executing safepoint VM operation: Cleanup done
Event: 82.335 Executing safepoint VM operation: Cleanup
Event: 82.335 Executing safepoint VM operation: Cleanup done
Event: 83.343 Executing safepoint VM operation: Cleanup
Event: 83.343 Executing safepoint VM operation: Cleanup done
Event: 84.348 Executing safepoint VM operation: Cleanup
Event: 84.348 Executing safepoint VM operation: Cleanup done
Event: 85.357 Executing safepoint VM operation: Cleanup
Event: 85.357 Executing safepoint VM operation: Cleanup done
Event: 86.364 Executing safepoint VM operation: Cleanup
Event: 86.364 Executing safepoint VM operation: Cleanup done
Event: 87.377 Executing safepoint VM operation: Cleanup
Event: 87.377 Executing safepoint VM operation: Cleanup done
Event: 87.961 Executing non-safepoint VM operation: HandshakeAllThreads (Deoptimize)
Event: 87.961 Executing non-safepoint VM operation: HandshakeAllThreads (Deoptimize) done

Memory protections (0 events):
No events

Nmethod flushes (0 events):
No events

Events (20 events):
Event: 2.397 Loaded shared library C:\Program Files\Android\Android Studio1\jbr\bin\instrument.dll
Event: 2.509 Loaded shared library C:\Program Files\Android\Android Studio1\jbr\bin\zip.dll
Event: 2.771 Thread 0x000001bef8488d10 Thread added: 0x000001befefc63c0
Event: 15.717 Loaded shared library C:\Program Files\Android\Android Studio1\jbr\bin\jimage.dll
Event: 24.110 Loaded shared library C:\Users\ecest\.gradle\native\660c5614fbf4a5f2a75b1949f50a0caf5cd603558e7d8a26e50b933a0cfb79d1\windows-amd64\native-platform.dll
Event: 24.500 Loaded shared library C:\Users\ecest\.gradle\native\0.2.8\x86_64-windows-gnu\gradle-fileevents.dll
Event: 69.253 Loaded shared library C:\Program Files\Android\Android Studio1\jbr\bin\management.dll
Event: 69.552 Loaded shared library C:\Program Files\Android\Android Studio1\jbr\bin\management_ext.dll
Event: 70.155 Thread 0x000001bef8488d10 Thread added: 0x000001be97ec6f90
Event: 72.251 Loaded shared library C:\Program Files\Android\Android Studio1\jbr\bin\extnet.dll
Event: 74.606 Thread 0x000001bef8488d10 Thread added: 0x000001beff400b60
Event: 75.485 Thread 0x000001bef8488d10 Thread added: 0x000001be97a831e0
Event: 76.468 Thread 0x000001beff400b60 Thread added: 0x000001be98045fa0
Event: 76.480 Thread 0x000001be98045fa0 Thread added: 0x000001be97532230
Event: 77.487 Thread 0x000001be98045fa0 Thread added: 0x000001be97f17790
Event: 77.523 Thread 0x000001be98045fa0 Thread added: 0x000001be980469e0
Event: 77.550 Thread 0x000001be980469e0 Thread added: 0x000001beff167540
Event: 77.571 Thread 0x000001be980469e0 Thread added: 0x000001beff167bd0
Event: 77.678 Thread 0x000001be980469e0 Thread added: 0x000001beff166eb0
Event: 87.964 Thread 0x000001be980469e0 Thread added: 0x000001beff169ca0


Dynamic libraries:
0x00007ff72a590000 - 0x00007ff72a59a000 	C:\Program Files\Android\Android Studio1\jbr\bin\java.exe
0x00007ff987590000 - 0x00007ff987785000 	C:\Windows\SYSTEM32\ntdll.dll
0x00007ff985b30000 - 0x00007ff985bee000 	C:\Windows\System32\KERNEL32.DLL
0x00007ff984ca0000 - 0x00007ff984f68000 	C:\Windows\System32\KERNELBASE.dll
0x00007ff9854d0000 - 0x00007ff9855d0000 	C:\Windows\System32\ucrtbase.dll
0x00007ff974300000 - 0x00007ff974318000 	C:\Program Files\Android\Android Studio1\jbr\bin\jli.dll
0x00007ff986250000 - 0x00007ff9863f1000 	C:\Windows\System32\USER32.dll
0x00007ff985230000 - 0x00007ff985252000 	C:\Windows\System32\win32u.dll
0x00007ff985f20000 - 0x00007ff985f4b000 	C:\Windows\System32\GDI32.dll
0x00007ff984fd0000 - 0x00007ff9850dd000 	C:\Windows\System32\gdi32full.dll
0x00007ff9850e0000 - 0x00007ff98517d000 	C:\Windows\System32\msvcp_win.dll
0x00007ff981a00000 - 0x00007ff981a1b000 	C:\Program Files\Android\Android Studio1\jbr\bin\VCRUNTIME140.dll
0x00007ff9728d0000 - 0x00007ff972b6a000 	C:\Windows\WinSxS\amd64_microsoft.windows.common-controls_6595b64144ccf1df_6.0.19041.1110_none_60b5254171f9507e\COMCTL32.dll
0x00007ff985c10000 - 0x00007ff985cae000 	C:\Windows\System32\msvcrt.dll
0x00007ff986070000 - 0x00007ff9860a0000 	C:\Windows\System32\IMM32.DLL
0x00007ff982490000 - 0x00007ff98249c000 	C:\Program Files\Android\Android Studio1\jbr\bin\vcruntime140_1.dll
0x00007ff966dd0000 - 0x00007ff966e5d000 	C:\Program Files\Android\Android Studio1\jbr\bin\msvcp140.dll
0x00007ff958e00000 - 0x00007ff959a96000 	C:\Program Files\Android\Android Studio1\jbr\bin\server\jvm.dll
0x00007ff9855d0000 - 0x00007ff98567c000 	C:\Windows\System32\ADVAPI32.dll
0x00007ff986c30000 - 0x00007ff986ccb000 	C:\Windows\System32\sechost.dll
0x00007ff986cd0000 - 0x00007ff986dfa000 	C:\Windows\System32\RPCRT4.dll
0x00007ff9860a0000 - 0x00007ff98610b000 	C:\Windows\System32\WS2_32.dll
0x00007ff984200000 - 0x00007ff98424b000 	C:\Windows\SYSTEM32\POWRPROF.dll
0x00007ff96deb0000 - 0x00007ff96ded7000 	C:\Windows\SYSTEM32\WINMM.dll
0x00007ff9746a0000 - 0x00007ff9746aa000 	C:\Windows\SYSTEM32\VERSION.dll
0x00007ff9840d0000 - 0x00007ff9840e2000 	C:\Windows\SYSTEM32\UMPDC.dll
0x00007ff982b90000 - 0x00007ff982ba2000 	C:\Windows\SYSTEM32\kernel.appcore.dll
0x00007ff9822e0000 - 0x00007ff9822ea000 	C:\Program Files\Android\Android Studio1\jbr\bin\jimage.dll
0x00007ff972ba0000 - 0x00007ff972d84000 	C:\Windows\SYSTEM32\DBGHELP.DLL
0x00007ff96ee30000 - 0x00007ff96ee5c000 	C:\Windows\SYSTEM32\dbgcore.DLL
0x00007ff985440000 - 0x00007ff9854c2000 	C:\Windows\System32\bcryptPrimitives.dll
0x00007ff970b60000 - 0x00007ff970b6e000 	C:\Program Files\Android\Android Studio1\jbr\bin\instrument.dll
0x00007ff9811b0000 - 0x00007ff9811d0000 	C:\Program Files\Android\Android Studio1\jbr\bin\java.dll
0x00007ff9742c0000 - 0x00007ff9742d8000 	C:\Program Files\Android\Android Studio1\jbr\bin\zip.dll
0x00007ff986e00000 - 0x00007ff987544000 	C:\Windows\System32\SHELL32.dll
0x00007ff982d90000 - 0x00007ff983524000 	C:\Windows\SYSTEM32\windows.storage.dll
0x00007ff985680000 - 0x00007ff9859d5000 	C:\Windows\System32\combase.dll
0x00007ff9846f0000 - 0x00007ff98471e000 	C:\Windows\SYSTEM32\Wldp.dll
0x00007ff985a70000 - 0x00007ff985b1d000 	C:\Windows\System32\SHCORE.dll
0x00007ff986110000 - 0x00007ff986165000 	C:\Windows\System32\shlwapi.dll
0x00007ff984be0000 - 0x00007ff984bff000 	C:\Windows\SYSTEM32\profapi.dll
0x00007ff9822c0000 - 0x00007ff9822d0000 	C:\Program Files\Android\Android Studio1\jbr\bin\net.dll
0x00007ff97eaa0000 - 0x00007ff97ebac000 	C:\Windows\SYSTEM32\WINHTTP.dll
0x00007ff984450000 - 0x00007ff9844ba000 	C:\Windows\system32\mswsock.dll
0x00007ff9742a0000 - 0x00007ff9742b6000 	C:\Program Files\Android\Android Studio1\jbr\bin\nio.dll
0x00007ff981ac0000 - 0x00007ff981ad0000 	C:\Program Files\Android\Android Studio1\jbr\bin\verify.dll
0x00007ff96cc60000 - 0x00007ff96cc87000 	C:\Users\ecest\.gradle\native\660c5614fbf4a5f2a75b1949f50a0caf5cd603558e7d8a26e50b933a0cfb79d1\windows-amd64\native-platform.dll
0x00007ff9668a0000 - 0x00007ff966917000 	C:\Users\ecest\.gradle\native\0.2.8\x86_64-windows-gnu\gradle-fileevents.dll
0x00007ff981a50000 - 0x00007ff981a59000 	C:\Program Files\Android\Android Studio1\jbr\bin\management.dll
0x00007ff97fad0000 - 0x00007ff97fadb000 	C:\Program Files\Android\Android Studio1\jbr\bin\management_ext.dll
0x00007ff985a60000 - 0x00007ff985a68000 	C:\Windows\System32\PSAPI.DLL
0x00007ff9840f0000 - 0x00007ff98412b000 	C:\Windows\SYSTEM32\IPHLPAPI.DLL
0x00007ff986530000 - 0x00007ff986538000 	C:\Windows\System32\NSI.dll
0x00007ff981a80000 - 0x00007ff981a89000 	C:\Program Files\Android\Android Studio1\jbr\bin\extnet.dll
0x00007ff984640000 - 0x00007ff984658000 	C:\Windows\SYSTEM32\CRYPTSP.dll
0x00007ff983d60000 - 0x00007ff983d94000 	C:\Windows\system32\rsaenh.dll
0x00007ff9853c0000 - 0x00007ff9853e7000 	C:\Windows\System32\bcrypt.dll
0x00007ff984ba0000 - 0x00007ff984bce000 	C:\Windows\SYSTEM32\USERENV.dll
0x00007ff984660000 - 0x00007ff98466c000 	C:\Windows\SYSTEM32\CRYPTBASE.dll
0x00007ff981ab0000 - 0x00007ff981ab7000 	C:\Windows\system32\wshunix.dll

JVMTI agents:
C:\Users\ecest\.gradle\wrapper\dists\gradle-9.3.1-bin\23ovyewtku6u96viwx3xl3oks\gradle-9.3.1\lib\agents\gradle-instrumentation-agent-9.3.1.jar path:C:\Program Files\Android\Android Studio1\jbr\bin\instrument.dll, loaded, initialized, instrumentlib options:none

dbghelp: loaded successfully - version: 4.0.5 - missing functions: none
symbol engine: initialized successfully - sym options: 0x614 - pdb path: .;C:\Program Files\Android\Android Studio1\jbr\bin;C:\Windows\SYSTEM32;C:\Windows\WinSxS\amd64_microsoft.windows.common-controls_6595b64144ccf1df_6.0.19041.1110_none_60b5254171f9507e;C:\Program Files\Android\Android Studio1\jbr\bin\server;C:\Users\ecest\.gradle\native\660c5614fbf4a5f2a75b1949f50a0caf5cd603558e7d8a26e50b933a0cfb79d1\windows-amd64;C:\Users\ecest\.gradle\native\0.2.8\x86_64-windows-gnu

VM Arguments:
jvm_args: --add-opens=java.base/java.lang=ALL-UNNAMED --add-opens=java.base/java.lang.invoke=ALL-UNNAMED --add-opens=java.base/java.util=ALL-UNNAMED --add-opens=java.prefs/java.util.prefs=ALL-UNNAMED --add-exports=jdk.compiler/com.sun.tools.javac.api=ALL-UNNAMED --add-exports=jdk.compiler/com.sun.tools.javac.util=ALL-UNNAMED --add-opens=java.base/java.util=ALL-UNNAMED --add-opens=java.prefs/java.util.prefs=ALL-UNNAMED --add-opens=java.base/java.nio.charset=ALL-UNNAMED --add-opens=java.base/java.net=ALL-UNNAMED --add-opens=java.base/java.util.concurrent=ALL-UNNAMED --add-opens=java.base/java.util.concurrent.atomic=ALL-UNNAMED --add-opens=java.xml/javax.xml.namespace=ALL-UNNAMED --add-opens=java.base/java.time=ALL-UNNAMED -Xmx4096m -Dfile.encoding=UTF-8 -Duser.country=CO -Duser.language=es -Duser.variant -javaagent:C:\Users\ecest\.gradle\wrapper\dists\gradle-9.3.1-bin\23ovyewtku6u96viwx3xl3oks\gradle-9.3.1\lib\agents\gradle-instrumentation-agent-9.3.1.jar 
java_command: org.gradle.launcher.daemon.bootstrap.GradleDaemon 9.3.1
java_class_path (initial): C:\Users\ecest\.gradle\wrapper\dists\gradle-9.3.1-bin\23ovyewtku6u96viwx3xl3oks\gradle-9.3.1\lib\gradle-daemon-main-9.3.1.jar
Launcher Type: SUN_STANDARD

[Global flags]
     intx CICompilerCount                          = 3                                         {product} {ergonomic}
     uint ConcGCThreads                            = 1                                         {product} {ergonomic}
     uint G1ConcRefinementThreads                  = 4                                         {product} {ergonomic}
   size_t G1HeapRegionSize                         = 2097152                                   {product} {ergonomic}
    uintx GCDrainStackTargetSize                   = 64                                        {product} {ergonomic}
   size_t InitialHeapSize                          = 167772160                                 {product} {ergonomic}
   size_t MarkStackSize                            = 4194304                                   {product} {ergonomic}
   size_t MaxHeapSize                              = 4294967296                                {product} {command line}
   size_t MaxNewSize                               = 2575302656                                {product} {ergonomic}
   size_t MinHeapDeltaBytes                        = 2097152                                   {product} {ergonomic}
   size_t MinHeapSize                              = 8388608                                   {product} {ergonomic}
    uintx NonNMethodCodeHeapSize                   = 5832780                                {pd product} {ergonomic}
    uintx NonProfiledCodeHeapSize                  = 122912730                              {pd product} {ergonomic}
    uintx ProfiledCodeHeapSize                     = 122912730                              {pd product} {ergonomic}
    uintx ReservedCodeCacheSize                    = 251658240                              {pd product} {ergonomic}
     bool SegmentedCodeCache                       = true                                      {product} {ergonomic}
   size_t SoftMaxHeapSize                          = 4294967296                             {manageable} {ergonomic}
     bool UseCompressedOops                        = true                           {product lp64_product} {ergonomic}
     bool UseG1GC                                  = true                                      {product} {ergonomic}
     bool UseLargePagesIndividualAllocation        = false                                  {pd product} {ergonomic}

Logging:
Log output configuration:
 #0: stdout all=warning uptime,level,tags foldmultilines=false
 #1: stderr all=off uptime,level,tags foldmultilines=false

Release file:
JAVA_VERSION="21.0.10" 
MODULES="java.base java.compiler java.datatransfer java.xml java.prefs java.desktop java.instrument java.logging java.management java.security.sasl java.naming java.rmi java.management.rmi java.net.http java.scripting java.security.jgss java.transaction.xa java.sql java.sql.rowset java.xml.crypto java.se java.smartcardio jdk.accessibility jdk.internal.jvmstat jdk.attach jdk.charsets jdk.internal.opt jdk.zipfs jdk.compiler jdk.crypto.ec jdk.crypto.cryptoki jdk.dynalink jdk.hotspot.agent jdk.httpserver jdk.internal.ed jdk.internal.le jdk.internal.vm.ci jdk.jartool jdk.javadoc jdk.jcmd jdk.jdeps jdk.jdwp.agent jdk.jdi jdk.jfr jdk.jlink jdk.jsobject jdk.localedata jdk.management jdk.management.agent jdk.management.jfr jdk.naming.dns jdk.naming.rmi jdk.net jdk.sctp jdk.security.auth jdk.security.jgss jdk.unsupported jdk.unsupported.desktop jdk.xml.dom" 
IMPLEMENTOR="JetBrains s.r.o." 
JAVA_RUNTIME_VERSION="21.0.10+-14961533-b1163.108" 
LIBC="default" 
OS_ARCH="x86_64" 
OS_NAME="Windows" 
SOURCE=".:git:1351622c2ff2" 

Environment Variables:
PATH=C:\Python314\Scripts\;C:\Python314\;C:\Program Files\Eclipse Adoptium\jdk-25.0.2.10-hotspot\bin;C:\Program Files\Common Files\Oracle\Java\javapath;C:\Windows\system32;C:\Windows;C:\Windows\System32\Wbem;C:\Windows\System32\WindowsPowerShell\v1.0\;C:\Windows\System32\OpenSSH\;C:\Program Files\dotnet\;C:\Program Files\Microsoft SQL Server\150\Tools\Binn\;C:\Program Files (x86)\PowerShell\7\;C:\Program Files (x86)\Windows Kits\10\Windows Performance Toolkit\;C:\Program Files (x86)\Common Files\Ulead Systems\MPEG;C:\Program Files\Go\bin;C:\Program Files\nodejs\;C:\ProgramData\chocolatey\bin;C:\Program Files\Git\cmd;C:\Users\ecest\OneDrive\Escritorio\escritorio\Mis programas\flutter\bin;C:\Users\ecest\.dotnet\tools;C:\Program Files\JetBrains\JetBrains Rider 2024.3.5\bin;;C:\Program Files\Java\jdk-17\bin;C:\Gradle\bin;C:\Users\ecest\AppData\Local\Programs\Microsoft VS Code\bin;C:\Users\ecest\AppData\Local\GitHubDesktop\bin;C:\Users\ecest\go\bin;C:\Users\ecest\AppData\Roaming\npm
USERNAME=ecest
OS=Windows_NT
PROCESSOR_IDENTIFIER=Intel64 Family 6 Model 69 Stepping 1, GenuineIntel
TMP=C:\Users\ecest\AppData\Local\Temp
TEMP=C:\Users\ecest\AppData\Local\Temp




Periodic native trim disabled

JNI global refs:
JNI global refs: 23, weak refs: 0

JNI global refs memory usage: 835, weak refs: 833

Process memory usage:
Resident Set Size: 141516K (1% of 10402448K total physical memory with 779504K free physical memory)

OOME stack traces (most recent first):
Classloader memory used:
Loader bootstrap                                                                       : 16466K
Loader org.gradle.internal.classloader.VisitableURLClassLoader                         : 8686K
Loader org.gradle.initialization.MixInLegacyTypesClassLoader                           : 553K
Loader jdk.internal.loader.ClassLoaders$AppClassLoader                                 : 229K
Loader jdk.internal.loader.ClassLoaders$PlatformClassLoader                            : 170K
Loader jdk.internal.reflect.DelegatingClassLoader                                      : 38272B

Classes loaded by more than one classloader:
Class org.gradle.internal.classloader.FilteringClassLoader                            : loaded 2 times (x 105B)
Class org.gradle.internal.classloader.ClassLoaderHierarchy                            : loaded 2 times (x 70B)
Class org.gradle.api.internal.classpath.ManifestUtil                                  : loaded 2 times (x 71B)
Class org.gradle.internal.classloader.DefaultClassLoaderFactory                       : loaded 2 times (x 82B)
Class org.gradle.internal.classloader.ClassLoaderVisitor                              : loaded 2 times (x 76B)
Class org.gradle.api.internal.classpath.EffectiveClassPath                            : loaded 2 times (x 90B)
Class org.gradle.api.internal.DefaultClassPathProvider                                : loaded 2 times (x 76B)
Class [Lorg.gradle.api.internal.ClassPathProvider;                                    : loaded 2 times (x 69B)
Class org.gradle.api.internal.ClassPathProvider                                       : loaded 2 times (x 70B)
Class org.gradle.internal.service.UnknownServiceException                             : loaded 2 times (x 83B)
Class org.gradle.internal.classpath.TransformedClassPath                              : loaded 2 times (x 96B)
Class org.gradle.internal.classloader.InstrumentingClassLoader                        : loaded 2 times (x 70B)
Class org.gradle.internal.service.ServiceLocator                                      : loaded 2 times (x 70B)
Class org.gradle.internal.classloader.ClasspathUtil$1                                 : loaded 2 times (x 76B)
Class org.gradle.api.internal.classpath.DefaultModuleRegistry$DefaultModule           : loaded 2 times (x 86B)
Class org.gradle.api.internal.classpath.Module                                        : loaded 2 times (x 70B)
Class org.gradle.api.internal.classpath.UnknownModuleException                        : loaded 2 times (x 82B)
Class org.gradle.api.internal.DefaultClassPathRegistry                                : loaded 2 times (x 76B)
Class org.gradle.api.internal.ClassPathRegistry                                       : loaded 2 times (x 70B)
Class org.gradle.internal.classpath.DefaultClassPath$ImmutableUniqueList              : loaded 2 times (x 199B)
Class org.gradle.internal.classpath.ClassPath                                         : loaded 2 times (x 70B)
Class org.gradle.api.internal.classpath.ModuleRegistry                                : loaded 2 times (x 70B)
Class org.gradle.internal.installation.GradleInstallation$1                           : loaded 2 times (x 75B)
Class org.gradle.api.internal.classpath.DefaultModuleRegistry                         : loaded 2 times (x 86B)
Class org.gradle.internal.service.ServiceLookupException                              : loaded 2 times (x 82B)
Class org.gradle.internal.classloader.ClassLoaderFactory                              : loaded 2 times (x 70B)
Class org.gradle.internal.service.CachingServiceLocator                               : loaded 2 times (x 82B)
Class org.gradle.internal.classloader.ClasspathUtil                                   : loaded 2 times (x 71B)
Class org.gradle.api.specs.Spec                                                       : loaded 2 times (x 70B)
Class org.gradle.internal.classloader.VisitableURLClassLoader$InstrumentingVisitableURLClassLoader: loaded 2 times (x 123B)
Class org.gradle.internal.classloader.VisitableURLClassLoader$Spec                    : loaded 2 times (x 74B)
Class org.gradle.internal.classpath.DefaultClassPath                                  : loaded 2 times (x 90B)
Class org.gradle.internal.classloader.ClassLoaderSpec                                 : loaded 2 times (x 71B)
Class org.gradle.internal.classloader.VisitableURLClassLoader                         : loaded 2 times (x 117B)
Class org.gradle.internal.Cast                                                        : loaded 2 times (x 71B)
Class org.gradle.api.Action                                                           : loaded 2 times (x 70B)
Class org.gradle.internal.classpath.DefaultClassPath$ImmutableUniqueList$Builder      : loaded 2 times (x 75B)
Class org.gradle.api.GradleException                                                  : loaded 2 times (x 82B)
Class org.gradle.internal.IoActions                                                   : loaded 2 times (x 71B)
Class org.gradle.internal.classloader.SystemClassLoaderSpec                           : loaded 2 times (x 71B)
Class org.gradle.api.internal.classpath.GlobalCacheRootsProvider                      : loaded 2 times (x 70B)
Class org.gradle.internal.installation.CurrentGradleInstallationLocator               : loaded 2 times (x 71B)
Class org.gradle.internal.service.DefaultServiceLocator                               : loaded 2 times (x 83B)
Class org.gradle.internal.installation.CurrentGradleInstallation                      : loaded 2 times (x 73B)
Class org.gradle.util.internal.GUtil                                                  : loaded 2 times (x 71B)
Class org.gradle.internal.installation.GradleInstallation                             : loaded 2 times (x 75B)

---------------  S Y S T E M  ---------------

OS:
 Windows 10 , 64 bit Build 19041 (10.0.19041.1348)
OS uptime: 3 days 13:09 hours

CPU: total 4 (initial active 4) (2 cores per cpu, 2 threads per core) family 6 model 69 stepping 1 microcode 0x25, cx8, cmov, fxsr, ht, mmx, sse, sse2, sse3, ssse3, sse4.1, sse4.2, popcnt, lzcnt, tsc, tscinvbit, avx, avx2, aes, erms, clmul, bmi1, bmi2, fma, vzeroupper, clflush, rdtscp, f16c
Processor Information for the first 4 processors :
  Max Mhz: 1700, Current Mhz: 1700, Mhz Limit: 1700

Memory: 4k page, system-wide physical 10158M (761M free)
TotalPageFile size 18350M (AvailPageFile size 4M)
current process WorkingSet (physical memory assigned to process): 138M, peak: 194M
current process commit charge ("private bytes"): 194M, peak: 275M

vm_info: OpenJDK 64-Bit Server VM (21.0.10+-14961533-b1163.108) for windows-amd64 JRE (21.0.10+-14961533-b1163.108), built on 2026-03-02T19:58:50Z by "builder" with MS VC++ 16.10 / 16.11 (VS2019)

END.
