kotlin version: 2.2.10
error message: java.lang.OutOfMemoryError: GC overhead limit exceeded
	at java.base/java.lang.invoke.DirectMethodHandle.allocateInstance(DirectMethodHandle.java:501)
	at java.base/java.lang.invoke.DirectMethodHandle$Holder.newInvokeSpecial(DirectMethodHandle$Holder)
	at java.base/java.lang.invoke.Invokers$Holder.linkToTargetMethod(Invokers$Holder)
	at org.jetbrains.kotlin.wasm.ir.convertors.WasmIrToBinary$SourceLocationMappingToBinary.<init>(WasmIrToBinary.kt:677)
	at org.jetbrains.kotlin.wasm.ir.convertors.WasmIrToBinary.getCurrentSourceLocationMapping(WasmIrToBinary.kt:288)
	at org.jetbrains.kotlin.wasm.ir.convertors.WasmIrToBinary.appendInstr(WasmIrToBinary.kt:267)
	at org.jetbrains.kotlin.wasm.ir.convertors.WasmIrToBinary.appendExpr(WasmIrToBinary.kt:503)
	at org.jetbrains.kotlin.wasm.ir.convertors.WasmIrToBinary.appendCode$lambda$63(WasmIrToBinary.kt:607)
	at org.jetbrains.kotlin.wasm.ir.convertors.WasmIrToBinary$$Lambda/0x000002ba44b69ed0.invoke(Unknown Source)
	at org.jetbrains.kotlin.wasm.ir.convertors.WasmIrToBinary.withVarUInt32PayloadSizePrepended(WasmIrToBinary.kt:351)
	at org.jetbrains.kotlin.wasm.ir.convertors.WasmIrToBinary.withVarUInt32PayloadSizePrepended$default(WasmIrToBinary.kt:343)
	at org.jetbrains.kotlin.wasm.ir.convertors.WasmIrToBinary.appendCode(WasmIrToBinary.kt:591)
	at org.jetbrains.kotlin.wasm.ir.convertors.WasmIrToBinary.appendWasmModule$lambda$29$lambda$25(WasmIrToBinary.kt:185)
	at org.jetbrains.kotlin.wasm.ir.convertors.WasmIrToBinary$$Lambda/0x000002ba44b698b0.invoke(Unknown Source)
	at org.jetbrains.kotlin.wasm.ir.convertors.WasmIrToBinary.appendSection_hrJef0E$lambda$50(WasmIrToBinary.kt:340)
	at org.jetbrains.kotlin.wasm.ir.convertors.WasmIrToBinary$$Lambda/0x000002ba44b65880.invoke(Unknown Source)
	at org.jetbrains.kotlin.wasm.ir.convertors.WasmIrToBinary.withVarUInt32PayloadSizePrepended(WasmIrToBinary.kt:351)
	at org.jetbrains.kotlin.wasm.ir.convertors.WasmIrToBinary.appendSection-hrJef0E(WasmIrToBinary.kt:340)
	at org.jetbrains.kotlin.wasm.ir.convertors.WasmIrToBinary.appendWasmModule(WasmIrToBinary.kt:183)
	at org.jetbrains.kotlin.backend.wasm.WasmCompilerKt.compileWasm-RrbjFdM(wasmCompiler.kt:195)
	at org.jetbrains.kotlin.cli.pipeline.web.wasm.WasmBackendPipelinePhase.compileNonIncrementally$cli_js(WasmBackendPipelinePhase.kt:180)
	at org.jetbrains.kotlin.cli.pipeline.web.wasm.WasmBackendPipelinePhase.compileNonIncrementally(WasmBackendPipelinePhase.kt:106)
	at org.jetbrains.kotlin.cli.pipeline.web.wasm.WasmBackendPipelinePhase.compileNonIncrementally(WasmBackendPipelinePhase.kt:37)
	at org.jetbrains.kotlin.cli.pipeline.web.WebBackendPipelinePhase.executePhase(WebBackendPipelinePhase.kt:127)
	at org.jetbrains.kotlin.cli.pipeline.web.WebBackendPipelinePhase.executePhase(WebBackendPipelinePhase.kt:30)
	at org.jetbrains.kotlin.cli.pipeline.PipelinePhase.phaseBody(PipelinePhase.kt:68)
	at org.jetbrains.kotlin.cli.pipeline.PipelinePhase.phaseBody(PipelinePhase.kt:58)
	at org.jetbrains.kotlin.config.phaser.NamedCompilerPhase.invoke(CompilerPhase.kt:102)
	at org.jetbrains.kotlin.backend.common.phaser.CompositePhase.invoke(PhaseBuilders.kt:22)
	at org.jetbrains.kotlin.config.phaser.CompilerPhaseKt.invokeToplevel(CompilerPhase.kt:53)
	at org.jetbrains.kotlin.cli.pipeline.AbstractCliPipeline.runPhasedPipeline(AbstractCliPipeline.kt:109)
	at org.jetbrains.kotlin.cli.pipeline.AbstractCliPipeline.execute(AbstractCliPipeline.kt:68)


